# MPC5746R Memory Map for e200z425n3 core
# Based on NXP MPC5746R Reference Manual

# Flash Memory
region Flash        0x00800000 0x00BFFFFF r-x  # 4MB Code Flash (P-Flash)
region DataFlash    0x00F80000 0x00F9FFFF rw-  # 128KB Data Flash (D-Flash)

# SRAM
region SRAM_lower   0x40000000 0x4003FFFF rwx  # 256KB SRAM (lower)
region SRAM_upper   0x40040000 0x4007FFFF rwx  # 256KB SRAM (upper)

# Local Memory (Core-specific)
region DSPR_Core0   0x50800000 0x5080FFFF rwx  # 64KB Core0 Local Data RAM
region PSPR_Core0   0x50810000 0x5081FFFF rwx  # 64KB Core0 Local Program RAM
region DSPR_Core1   0x51800000 0x5180FFFF rwx  # 64KB Core1 Local Data RAM  
region PSPR_Core1   0x51810000 0x5181FFFF rwx  # 64KB Core1 Local Program RAM
region DSPR_Core2   0x52800000 0x5280FFFF rwx  # 64KB Core2 Local Data RAM
region PSPR_Core2   0x52810000 0x5281FFFF rwx  # 64KB Core2 Local Program RAM

# Peripheral Bridge A
region PBRIDGE_A    0xF8000000 0xF9FFFFFF rw-  # Peripheral Bridge A

# Peripheral Bridge B  
region PBRIDGE_B    0xFA000000 0xFBFFFFFF rw-  # Peripheral Bridge B

# Peripheral Bridge C
region PBRIDGE_C    0xFC000000 0xFDFFFFFF rw-  # Peripheral Bridge C

# Peripheral Bridge D
region PBRIDGE_D    0xFE000000 0xFFFFFFFF rw-  # Peripheral Bridge D

# Key Peripherals
region INTC         0xFC040000 0xFC04FFFF rw-  # Interrupt Controller
region STM          0xFC068000 0xFC06BFFF rw-  # System Timer Module
region MC_ME        0xFFFB8000 0xFFFBFFFF rw-  # Mode Entry Module
region MC_CGM       0xFFFB0000 0xFFFB7FFF rw-  # Clock Generation Module
region MC_RGM       0xFFFA0000 0xFFFA7FFF rw-  # Reset Generation Module
region SIUL2        0xFFFC0000 0xFFFDFFFF rw-  # System Integration Unit Lite2

# Boot Configuration
region BootConfig   0x00F9C000 0x00F9FFFF r--  # Boot Configuration Data